[0.032s] Invoking command in '/home/blud/ares-main/build/ares-main': CMAKE_PREFIX_PATH=${CMAKE_PREFIX_PATH}:/opt/ros/humble /usr/bin/cmake --build /home/blud/ares-main/build/ares-main -- -j16 -l16
[0.095s] -- Found ament_cmake: 1.3.12 (/opt/ros/humble/share/ament_cmake/cmake)
[0.368s] -- Found ament_lint_auto: 0.12.14 (/opt/ros/humble/share/ament_lint_auto/cmake)
[0.522s] -- Added test 'cppcheck' to perform static code analysis on C / C++ code
[0.523s] -- Configured cppcheck include dirs: $<BUILD_INTERFACE:/home/blud/ares-main/ares-main/include>
[0.523s] -- Configured cppcheck exclude dirs and/or files: 
[0.524s] -- Added test 'lint_cmake' to check CMake code style
[0.526s] -- Added test 'uncrustify' to check C / C++ code style
[0.526s] -- Configured uncrustify additional arguments: 
[0.527s] -- Added test 'xmllint' to check XML markup files
[0.529s] -- Configuring done
[0.531s] [31mCMake Error at CMakeLists.txt:14 (add_executable):
[0.532s]   Cannot find source file:
[0.532s] 
[0.532s]     src/my_node.cpp
[0.532s] 
[0.532s]   Tried extensions .c .C .c++ .cc .cpp .cxx .cu .mpp .m .M .mm .ixx .cppm .h
[0.532s]   .hh .h++ .hm .hpp .hxx .in .txx .f .F .for .f77 .f90 .f95 .f03 .hip .ispc
[0.532s] 
[0.533s] [0m
[0.533s] [31mCMake Error at CMakeLists.txt:14 (add_executable):
[0.533s]   No SOURCES given to target: my_node
[0.533s] 
[0.533s] [0m
[0.533s] [0mCMake Generate step failed.  Build files cannot be regenerated correctly.[0m
[0.537s] gmake: *** [Makefile:226: cmake_check_build_system] Error 1
[0.542s] Invoked command in '/home/blud/ares-main/build/ares-main' returned '2': CMAKE_PREFIX_PATH=${CMAKE_PREFIX_PATH}:/opt/ros/humble /usr/bin/cmake --build /home/blud/ares-main/build/ares-main -- -j16 -l16
