[0.278s] DEBUG:colcon:Command line arguments: ['/usr/bin/colcon', 'build']
[0.278s] DEBUG:colcon:Parsed command line arguments: Namespace(log_base=None, log_level=None, verb_name='build', build_base='build', install_base='install', merge_install=False, symlink_install=False, test_result_base=None, continue_on_error=False, executor='parallel', parallel_workers=16, event_handlers=None, ignore_user_meta=False, metas=['./colcon.meta'], base_paths=['.'], packages_ignore=None, packages_ignore_regex=None, paths=None, packages_up_to=None, packages_up_to_regex=None, packages_above=None, packages_above_and_dependencies=None, packages_above_depth=None, packages_select_by_dep=None, packages_skip_by_dep=None, packages_skip_up_to=None, packages_select_build_failed=False, packages_skip_build_finished=False, packages_select_test_failures=False, packages_skip_test_passed=False, packages_select=None, packages_skip=None, packages_select_regex=None, packages_skip_regex=None, packages_start=None, packages_end=None, allow_overriding=[], cmake_args=None, cmake_target=None, cmake_target_skip_unavailable=False, cmake_clean_cache=False, cmake_clean_first=False, cmake_force_configure=False, ament_cmake_args=None, catkin_cmake_args=None, catkin_skip_building_tests=False, mixin_files=None, mixin=None, verb_parser=<colcon_mixin.mixin.mixin_argument.MixinArgumentDecorator object at 0x7cf3d4767100>, verb_extension=<colcon_core.verb.build.BuildVerb object at 0x7cf3d4766ad0>, main=<bound method BuildVerb.main of <colcon_core.verb.build.BuildVerb object at 0x7cf3d4766ad0>>, mixin_verb=('build',))
[0.706s] Level 1:colcon.colcon_core.package_discovery:discover_packages(colcon_meta) check parameters
[0.706s] Level 1:colcon.colcon_core.package_discovery:discover_packages(recursive) check parameters
[0.706s] Level 1:colcon.colcon_core.package_discovery:discover_packages(ignore) check parameters
[0.706s] Level 1:colcon.colcon_core.package_discovery:discover_packages(path) check parameters
[0.706s] Level 1:colcon.colcon_core.package_discovery:discover_packages(colcon_meta) discover
[0.706s] Level 1:colcon.colcon_core.package_discovery:discover_packages(recursive) discover
[0.706s] INFO:colcon.colcon_core.package_discovery:Crawling recursively for packages in '/home/blud/ares-main'
[0.707s] Level 1:colcon.colcon_core.package_identification:_identify(.) by extensions ['ignore', 'ignore_ament_install']
[0.707s] Level 1:colcon.colcon_core.package_identification:_identify(.) by extension 'ignore'
[0.707s] Level 1:colcon.colcon_core.package_identification:_identify(.) by extension 'ignore_ament_install'
[0.707s] Level 1:colcon.colcon_core.package_identification:_identify(.) by extensions ['colcon_pkg']
[0.707s] Level 1:colcon.colcon_core.package_identification:_identify(.) by extension 'colcon_pkg'
[0.707s] Level 1:colcon.colcon_core.package_identification:_identify(.) by extensions ['colcon_meta']
[0.707s] Level 1:colcon.colcon_core.package_identification:_identify(.) by extension 'colcon_meta'
[0.707s] Level 1:colcon.colcon_core.package_identification:_identify(.) by extensions ['ros']
[0.708s] Level 1:colcon.colcon_core.package_identification:_identify(.) by extension 'ros'
[0.751s] Level 1:colcon.colcon_core.package_identification:_identify(.) by extensions ['cmake', 'python']
[0.751s] Level 1:colcon.colcon_core.package_identification:_identify(.) by extension 'cmake'
[0.752s] Level 1:colcon.colcon_core.package_identification:_identify(.) by extension 'python'
[0.752s] Level 1:colcon.colcon_core.package_identification:_identify(.) by extensions ['python_setup_py']
[0.752s] Level 1:colcon.colcon_core.package_identification:_identify(.) by extension 'python_setup_py'
[0.752s] Level 1:colcon.colcon_core.package_identification:_identify(ares-main) by extensions ['ignore', 'ignore_ament_install']
[0.752s] Level 1:colcon.colcon_core.package_identification:_identify(ares-main) by extension 'ignore'
[0.753s] Level 1:colcon.colcon_core.package_identification:_identify(ares-main) by extension 'ignore_ament_install'
[0.753s] Level 1:colcon.colcon_core.package_identification:_identify(ares-main) by extensions ['colcon_pkg']
[0.753s] Level 1:colcon.colcon_core.package_identification:_identify(ares-main) by extension 'colcon_pkg'
[0.753s] Level 1:colcon.colcon_core.package_identification:_identify(ares-main) by extensions ['colcon_meta']
[0.753s] Level 1:colcon.colcon_core.package_identification:_identify(ares-main) by extension 'colcon_meta'
[0.753s] Level 1:colcon.colcon_core.package_identification:_identify(ares-main) by extensions ['ros']
[0.753s] Level 1:colcon.colcon_core.package_identification:_identify(ares-main) by extension 'ros'
[0.758s] DEBUG:colcon.colcon_core.package_identification:Package 'ares-main' with type 'ros.ament_cmake' and name 'ares-main'
[0.759s] Level 1:colcon.colcon_core.package_identification:_identify(build) by extensions ['ignore', 'ignore_ament_install']
[0.759s] Level 1:colcon.colcon_core.package_identification:_identify(build) by extension 'ignore'
[0.759s] Level 1:colcon.colcon_core.package_identification:_identify(build) ignored
[0.759s] Level 1:colcon.colcon_core.package_identification:_identify(docs) by extensions ['ignore', 'ignore_ament_install']
[0.760s] Level 1:colcon.colcon_core.package_identification:_identify(docs) by extension 'ignore'
[0.760s] Level 1:colcon.colcon_core.package_identification:_identify(docs) by extension 'ignore_ament_install'
[0.760s] Level 1:colcon.colcon_core.package_identification:_identify(docs) by extensions ['colcon_pkg']
[0.760s] Level 1:colcon.colcon_core.package_identification:_identify(docs) by extension 'colcon_pkg'
[0.760s] Level 1:colcon.colcon_core.package_identification:_identify(docs) by extensions ['colcon_meta']
[0.760s] Level 1:colcon.colcon_core.package_identification:_identify(docs) by extension 'colcon_meta'
[0.760s] Level 1:colcon.colcon_core.package_identification:_identify(docs) by extensions ['ros']
[0.760s] Level 1:colcon.colcon_core.package_identification:_identify(docs) by extension 'ros'
[0.760s] Level 1:colcon.colcon_core.package_identification:_identify(docs) by extensions ['cmake', 'python']
[0.760s] Level 1:colcon.colcon_core.package_identification:_identify(docs) by extension 'cmake'
[0.761s] Level 1:colcon.colcon_core.package_identification:_identify(docs) by extension 'python'
[0.761s] Level 1:colcon.colcon_core.package_identification:_identify(docs) by extensions ['python_setup_py']
[0.761s] Level 1:colcon.colcon_core.package_identification:_identify(docs) by extension 'python_setup_py'
[0.761s] Level 1:colcon.colcon_core.package_identification:_identify(install) by extensions ['ignore', 'ignore_ament_install']
[0.761s] Level 1:colcon.colcon_core.package_identification:_identify(install) by extension 'ignore'
[0.761s] Level 1:colcon.colcon_core.package_identification:_identify(install) ignored
[0.762s] Level 1:colcon.colcon_core.package_identification:_identify(log) by extensions ['ignore', 'ignore_ament_install']
[0.762s] Level 1:colcon.colcon_core.package_identification:_identify(log) by extension 'ignore'
[0.762s] Level 1:colcon.colcon_core.package_identification:_identify(log) ignored
[0.762s] Level 1:colcon.colcon_core.package_identification:_identify(my_package) by extensions ['ignore', 'ignore_ament_install']
[0.762s] Level 1:colcon.colcon_core.package_identification:_identify(my_package) by extension 'ignore'
[0.762s] Level 1:colcon.colcon_core.package_identification:_identify(my_package) by extension 'ignore_ament_install'
[0.762s] Level 1:colcon.colcon_core.package_identification:_identify(my_package) by extensions ['colcon_pkg']
[0.763s] Level 1:colcon.colcon_core.package_identification:_identify(my_package) by extension 'colcon_pkg'
[0.763s] Level 1:colcon.colcon_core.package_identification:_identify(my_package) by extensions ['colcon_meta']
[0.763s] Level 1:colcon.colcon_core.package_identification:_identify(my_package) by extension 'colcon_meta'
[0.763s] Level 1:colcon.colcon_core.package_identification:_identify(my_package) by extensions ['ros']
[0.763s] Level 1:colcon.colcon_core.package_identification:_identify(my_package) by extension 'ros'
[0.764s] DEBUG:colcon.colcon_core.package_identification:Package 'my_package' with type 'ros.ament_cmake' and name 'my_package'
[0.764s] Level 1:colcon.colcon_core.package_discovery:discover_packages(recursive) using defaults
[0.764s] Level 1:colcon.colcon_core.package_discovery:discover_packages(ignore) discover
[0.764s] Level 1:colcon.colcon_core.package_discovery:discover_packages(ignore) using defaults
[0.764s] Level 1:colcon.colcon_core.package_discovery:discover_packages(path) discover
[0.764s] Level 1:colcon.colcon_core.package_discovery:discover_packages(path) using defaults
[0.806s] Level 1:colcon.colcon_core.package_discovery:discover_packages(prefix_path) check parameters
[0.806s] Level 1:colcon.colcon_core.package_discovery:discover_packages(prefix_path) discover
[0.810s] DEBUG:colcon.colcon_installed_package_information.package_discovery:Found 3 installed packages in /home/blud/ares-main/install
[0.814s] DEBUG:colcon.colcon_installed_package_information.package_discovery:Found 280 installed packages in /opt/ros/humble
[0.817s] Level 1:colcon.colcon_core.package_discovery:discover_packages(prefix_path) using defaults
[0.902s] Level 5:colcon.colcon_core.verb:set package 'ares-main' build argument 'cmake_args' from command line to 'None'
[0.902s] Level 5:colcon.colcon_core.verb:set package 'ares-main' build argument 'cmake_target' from command line to 'None'
[0.902s] Level 5:colcon.colcon_core.verb:set package 'ares-main' build argument 'cmake_target_skip_unavailable' from command line to 'False'
[0.902s] Level 5:colcon.colcon_core.verb:set package 'ares-main' build argument 'cmake_clean_cache' from command line to 'False'
[0.902s] Level 5:colcon.colcon_core.verb:set package 'ares-main' build argument 'cmake_clean_first' from command line to 'False'
[0.903s] Level 5:colcon.colcon_core.verb:set package 'ares-main' build argument 'cmake_force_configure' from command line to 'False'
[0.903s] Level 5:colcon.colcon_core.verb:set package 'ares-main' build argument 'ament_cmake_args' from command line to 'None'
[0.903s] Level 5:colcon.colcon_core.verb:set package 'ares-main' build argument 'catkin_cmake_args' from command line to 'None'
[0.903s] Level 5:colcon.colcon_core.verb:set package 'ares-main' build argument 'catkin_skip_building_tests' from command line to 'False'
[0.903s] DEBUG:colcon.colcon_core.verb:Building package 'ares-main' with the following arguments: {'ament_cmake_args': None, 'build_base': '/home/blud/ares-main/build/ares-main', 'catkin_cmake_args': None, 'catkin_skip_building_tests': False, 'cmake_args': None, 'cmake_clean_cache': False, 'cmake_clean_first': False, 'cmake_force_configure': False, 'cmake_target': None, 'cmake_target_skip_unavailable': False, 'install_base': '/home/blud/ares-main/install/ares-main', 'merge_install': False, 'path': '/home/blud/ares-main/ares-main', 'symlink_install': False, 'test_result_base': None}
[0.904s] Level 5:colcon.colcon_core.verb:set package 'my_package' build argument 'cmake_args' from command line to 'None'
[0.904s] Level 5:colcon.colcon_core.verb:set package 'my_package' build argument 'cmake_target' from command line to 'None'
[0.904s] Level 5:colcon.colcon_core.verb:set package 'my_package' build argument 'cmake_target_skip_unavailable' from command line to 'False'
[0.904s] Level 5:colcon.colcon_core.verb:set package 'my_package' build argument 'cmake_clean_cache' from command line to 'False'
[0.904s] Level 5:colcon.colcon_core.verb:set package 'my_package' build argument 'cmake_clean_first' from command line to 'False'
[0.904s] Level 5:colcon.colcon_core.verb:set package 'my_package' build argument 'cmake_force_configure' from command line to 'False'
[0.904s] Level 5:colcon.colcon_core.verb:set package 'my_package' build argument 'ament_cmake_args' from command line to 'None'
[0.904s] Level 5:colcon.colcon_core.verb:set package 'my_package' build argument 'catkin_cmake_args' from command line to 'None'
[0.904s] Level 5:colcon.colcon_core.verb:set package 'my_package' build argument 'catkin_skip_building_tests' from command line to 'False'
[0.904s] DEBUG:colcon.colcon_core.verb:Building package 'my_package' with the following arguments: {'ament_cmake_args': None, 'build_base': '/home/blud/ares-main/build/my_package', 'catkin_cmake_args': None, 'catkin_skip_building_tests': False, 'cmake_args': None, 'cmake_clean_cache': False, 'cmake_clean_first': False, 'cmake_force_configure': False, 'cmake_target': None, 'cmake_target_skip_unavailable': False, 'install_base': '/home/blud/ares-main/install/my_package', 'merge_install': False, 'path': '/home/blud/ares-main/my_package', 'symlink_install': False, 'test_result_base': None}
[0.905s] INFO:colcon.colcon_core.executor:Executing jobs using 'parallel' executor
[0.907s] DEBUG:colcon.colcon_parallel_executor.executor.parallel:run_until_complete
[0.908s] INFO:colcon.colcon_ros.task.ament_cmake.build:Building ROS package in '/home/blud/ares-main/ares-main' with build type 'ament_cmake'
[0.908s] INFO:colcon.colcon_cmake.task.cmake.build:Building CMake package in '/home/blud/ares-main/ares-main'
[0.913s] INFO:colcon.colcon_core.plugin_system:Skipping extension 'colcon_core.shell.bat': Not used on non-Windows systems
[0.913s] INFO:colcon.colcon_core.shell:Skip shell extension 'powershell' for command environment: Not usable outside of PowerShell
[0.913s] DEBUG:colcon.colcon_core.shell:Skip shell extension 'dsv' for command environment
[0.922s] INFO:colcon.colcon_ros.task.ament_cmake.build:Building ROS package in '/home/blud/ares-main/my_package' with build type 'ament_cmake'
[0.923s] INFO:colcon.colcon_cmake.task.cmake.build:Building CMake package in '/home/blud/ares-main/my_package'
[0.923s] INFO:colcon.colcon_core.shell:Skip shell extension 'powershell' for command environment: Not usable outside of PowerShell
[0.923s] DEBUG:colcon.colcon_core.shell:Skip shell extension 'dsv' for command environment
[0.943s] DEBUG:colcon.colcon_core.event_handler.log_command:Invoking command in '/home/blud/ares-main/build/ares-main': CMAKE_PREFIX_PATH=${CMAKE_PREFIX_PATH}:/opt/ros/humble /usr/bin/cmake --build /home/blud/ares-main/build/ares-main -- -j16 -l16
[0.950s] DEBUG:colcon.colcon_core.event_handler.log_command:Invoking command in '/home/blud/ares-main/build/my_package': CMAKE_PREFIX_PATH=${CMAKE_PREFIX_PATH}:/opt/ros/humble /usr/bin/cmake --build /home/blud/ares-main/build/my_package -- -j16 -l16
[1.105s] DEBUG:colcon.colcon_core.event_handler.log_command:Invoked command in '/home/blud/ares-main/build/my_package' returned '0': CMAKE_PREFIX_PATH=${CMAKE_PREFIX_PATH}:/opt/ros/humble /usr/bin/cmake --build /home/blud/ares-main/build/my_package -- -j16 -l16
[1.132s] DEBUG:colcon.colcon_core.event_handler.log_command:Invoking command in '/home/blud/ares-main/build/my_package': CMAKE_PREFIX_PATH=${CMAKE_PREFIX_PATH}:/opt/ros/humble /usr/bin/cmake --install /home/blud/ares-main/build/my_package
[1.158s] Level 1:colcon.colcon_core.environment:create_environment_scripts_only(my_package)
[1.159s] DEBUG:colcon.colcon_core.event_handler.log_command:Invoked command in '/home/blud/ares-main/build/my_package' returned '0': CMAKE_PREFIX_PATH=${CMAKE_PREFIX_PATH}:/opt/ros/humble /usr/bin/cmake --install /home/blud/ares-main/build/my_package
[1.162s] Level 1:colcon.colcon_core.environment:checking '/home/blud/ares-main/install/my_package' for CMake module files
[1.163s] Level 1:colcon.colcon_core.environment:checking '/home/blud/ares-main/install/my_package' for CMake config files
[1.163s] Level 1:colcon.colcon_core.shell:create_environment_hook('my_package', 'cmake_prefix_path')
[1.164s] INFO:colcon.colcon_core.shell:Creating environment hook '/home/blud/ares-main/install/my_package/share/my_package/hook/cmake_prefix_path.ps1'
[1.165s] INFO:colcon.colcon_core.shell:Creating environment descriptor '/home/blud/ares-main/install/my_package/share/my_package/hook/cmake_prefix_path.dsv'
[1.166s] INFO:colcon.colcon_core.shell:Creating environment hook '/home/blud/ares-main/install/my_package/share/my_package/hook/cmake_prefix_path.sh'
[1.168s] Level 1:colcon.colcon_core.environment:checking '/home/blud/ares-main/install/my_package/lib'
[1.168s] Level 1:colcon.colcon_core.environment:checking '/home/blud/ares-main/install/my_package/bin'
[1.169s] Level 1:colcon.colcon_core.environment:checking '/home/blud/ares-main/install/my_package/lib/pkgconfig/my_package.pc'
[1.169s] Level 1:colcon.colcon_core.environment:checking '/home/blud/ares-main/install/my_package/lib/python3.10/site-packages'
[1.170s] Level 1:colcon.colcon_core.environment:checking '/home/blud/ares-main/install/my_package/bin'
[1.171s] INFO:colcon.colcon_core.shell:Creating package script '/home/blud/ares-main/install/my_package/share/my_package/package.ps1'
[1.172s] INFO:colcon.colcon_core.shell:Creating package descriptor '/home/blud/ares-main/install/my_package/share/my_package/package.dsv'
[1.174s] INFO:colcon.colcon_core.shell:Creating package script '/home/blud/ares-main/install/my_package/share/my_package/package.sh'
[1.175s] INFO:colcon.colcon_core.shell:Creating package script '/home/blud/ares-main/install/my_package/share/my_package/package.bash'
[1.177s] INFO:colcon.colcon_core.shell:Creating package script '/home/blud/ares-main/install/my_package/share/my_package/package.zsh'
[1.179s] Level 1:colcon.colcon_core.environment:create_file_with_runtime_dependencies(/home/blud/ares-main/install/my_package/share/colcon-core/packages/my_package)
[1.180s] Level 1:colcon.colcon_core.environment:create_environment_scripts_only(my_package)
[1.180s] Level 1:colcon.colcon_core.environment:checking '/home/blud/ares-main/install/my_package' for CMake module files
[1.181s] Level 1:colcon.colcon_core.environment:checking '/home/blud/ares-main/install/my_package' for CMake config files
[1.182s] Level 1:colcon.colcon_core.shell:create_environment_hook('my_package', 'cmake_prefix_path')
[1.182s] INFO:colcon.colcon_core.shell:Creating environment hook '/home/blud/ares-main/install/my_package/share/my_package/hook/cmake_prefix_path.ps1'
[1.183s] INFO:colcon.colcon_core.shell:Creating environment descriptor '/home/blud/ares-main/install/my_package/share/my_package/hook/cmake_prefix_path.dsv'
[1.184s] INFO:colcon.colcon_core.shell:Creating environment hook '/home/blud/ares-main/install/my_package/share/my_package/hook/cmake_prefix_path.sh'
[1.185s] Level 1:colcon.colcon_core.environment:checking '/home/blud/ares-main/install/my_package/lib'
[1.185s] Level 1:colcon.colcon_core.environment:checking '/home/blud/ares-main/install/my_package/bin'
[1.185s] Level 1:colcon.colcon_core.environment:checking '/home/blud/ares-main/install/my_package/lib/pkgconfig/my_package.pc'
[1.186s] Level 1:colcon.colcon_core.environment:checking '/home/blud/ares-main/install/my_package/lib/python3.10/site-packages'
[1.186s] Level 1:colcon.colcon_core.environment:checking '/home/blud/ares-main/install/my_package/bin'
[1.187s] INFO:colcon.colcon_core.shell:Creating package script '/home/blud/ares-main/install/my_package/share/my_package/package.ps1'
[1.188s] INFO:colcon.colcon_core.shell:Creating package descriptor '/home/blud/ares-main/install/my_package/share/my_package/package.dsv'
[1.189s] INFO:colcon.colcon_core.shell:Creating package script '/home/blud/ares-main/install/my_package/share/my_package/package.sh'
[1.190s] INFO:colcon.colcon_core.shell:Creating package script '/home/blud/ares-main/install/my_package/share/my_package/package.bash'
[1.191s] INFO:colcon.colcon_core.shell:Creating package script '/home/blud/ares-main/install/my_package/share/my_package/package.zsh'
[1.192s] Level 1:colcon.colcon_core.environment:create_file_with_runtime_dependencies(/home/blud/ares-main/install/my_package/share/colcon-core/packages/my_package)
[1.707s] DEBUG:colcon.colcon_core.event_handler.log_command:Invoked command in '/home/blud/ares-main/build/ares-main' returned '0': CMAKE_PREFIX_PATH=${CMAKE_PREFIX_PATH}:/opt/ros/humble /usr/bin/cmake --build /home/blud/ares-main/build/ares-main -- -j16 -l16
[1.711s] DEBUG:colcon.colcon_core.event_handler.log_command:Invoking command in '/home/blud/ares-main/build/ares-main': CMAKE_PREFIX_PATH=${CMAKE_PREFIX_PATH}:/opt/ros/humble /usr/bin/cmake --install /home/blud/ares-main/build/ares-main
[1.737s] Level 1:colcon.colcon_core.environment:create_environment_scripts_only(ares-main)
[1.737s] Level 1:colcon.colcon_core.environment:checking '/home/blud/ares-main/install/ares-main' for CMake module files
[1.739s] DEBUG:colcon.colcon_core.event_handler.log_command:Invoked command in '/home/blud/ares-main/build/ares-main' returned '0': CMAKE_PREFIX_PATH=${CMAKE_PREFIX_PATH}:/opt/ros/humble /usr/bin/cmake --install /home/blud/ares-main/build/ares-main
[1.739s] Level 1:colcon.colcon_core.environment:checking '/home/blud/ares-main/install/ares-main' for CMake config files
[1.740s] Level 1:colcon.colcon_core.shell:create_environment_hook('ares-main', 'cmake_prefix_path')
[1.740s] INFO:colcon.colcon_core.shell:Creating environment hook '/home/blud/ares-main/install/ares-main/share/ares-main/hook/cmake_prefix_path.ps1'
[1.741s] INFO:colcon.colcon_core.shell:Creating environment descriptor '/home/blud/ares-main/install/ares-main/share/ares-main/hook/cmake_prefix_path.dsv'
[1.742s] INFO:colcon.colcon_core.shell:Creating environment hook '/home/blud/ares-main/install/ares-main/share/ares-main/hook/cmake_prefix_path.sh'
[1.744s] Level 1:colcon.colcon_core.environment:checking '/home/blud/ares-main/install/ares-main/lib'
[1.744s] Level 1:colcon.colcon_core.environment:checking '/home/blud/ares-main/install/ares-main/bin'
[1.744s] Level 1:colcon.colcon_core.environment:checking '/home/blud/ares-main/install/ares-main/lib/pkgconfig/ares-main.pc'
[1.744s] Level 1:colcon.colcon_core.environment:checking '/home/blud/ares-main/install/ares-main/lib/python3.10/site-packages'
[1.745s] Level 1:colcon.colcon_core.environment:checking '/home/blud/ares-main/install/ares-main/bin'
[1.745s] INFO:colcon.colcon_core.shell:Creating package script '/home/blud/ares-main/install/ares-main/share/ares-main/package.ps1'
[1.746s] INFO:colcon.colcon_core.shell:Creating package descriptor '/home/blud/ares-main/install/ares-main/share/ares-main/package.dsv'
[1.747s] INFO:colcon.colcon_core.shell:Creating package script '/home/blud/ares-main/install/ares-main/share/ares-main/package.sh'
[1.748s] INFO:colcon.colcon_core.shell:Creating package script '/home/blud/ares-main/install/ares-main/share/ares-main/package.bash'
[1.749s] INFO:colcon.colcon_core.shell:Creating package script '/home/blud/ares-main/install/ares-main/share/ares-main/package.zsh'
[1.750s] Level 1:colcon.colcon_core.environment:create_file_with_runtime_dependencies(/home/blud/ares-main/install/ares-main/share/colcon-core/packages/ares-main)
[1.751s] Level 1:colcon.colcon_core.environment:create_environment_scripts_only(ares-main)
[1.751s] Level 1:colcon.colcon_core.environment:checking '/home/blud/ares-main/install/ares-main' for CMake module files
[1.752s] Level 1:colcon.colcon_core.environment:checking '/home/blud/ares-main/install/ares-main' for CMake config files
[1.752s] Level 1:colcon.colcon_core.shell:create_environment_hook('ares-main', 'cmake_prefix_path')
[1.753s] INFO:colcon.colcon_core.shell:Creating environment hook '/home/blud/ares-main/install/ares-main/share/ares-main/hook/cmake_prefix_path.ps1'
[1.754s] INFO:colcon.colcon_core.shell:Creating environment descriptor '/home/blud/ares-main/install/ares-main/share/ares-main/hook/cmake_prefix_path.dsv'
[1.755s] INFO:colcon.colcon_core.shell:Creating environment hook '/home/blud/ares-main/install/ares-main/share/ares-main/hook/cmake_prefix_path.sh'
[1.756s] Level 1:colcon.colcon_core.environment:checking '/home/blud/ares-main/install/ares-main/lib'
[1.756s] Level 1:colcon.colcon_core.environment:checking '/home/blud/ares-main/install/ares-main/bin'
[1.756s] Level 1:colcon.colcon_core.environment:checking '/home/blud/ares-main/install/ares-main/lib/pkgconfig/ares-main.pc'
[1.757s] Level 1:colcon.colcon_core.environment:checking '/home/blud/ares-main/install/ares-main/lib/python3.10/site-packages'
[1.757s] Level 1:colcon.colcon_core.environment:checking '/home/blud/ares-main/install/ares-main/bin'
[1.758s] INFO:colcon.colcon_core.shell:Creating package script '/home/blud/ares-main/install/ares-main/share/ares-main/package.ps1'
[1.759s] INFO:colcon.colcon_core.shell:Creating package descriptor '/home/blud/ares-main/install/ares-main/share/ares-main/package.dsv'
[1.760s] INFO:colcon.colcon_core.shell:Creating package script '/home/blud/ares-main/install/ares-main/share/ares-main/package.sh'
[1.761s] INFO:colcon.colcon_core.shell:Creating package script '/home/blud/ares-main/install/ares-main/share/ares-main/package.bash'
[1.762s] INFO:colcon.colcon_core.shell:Creating package script '/home/blud/ares-main/install/ares-main/share/ares-main/package.zsh'
[1.763s] Level 1:colcon.colcon_core.environment:create_file_with_runtime_dependencies(/home/blud/ares-main/install/ares-main/share/colcon-core/packages/ares-main)
[1.763s] DEBUG:colcon.colcon_parallel_executor.executor.parallel:closing loop
[1.764s] DEBUG:colcon.colcon_parallel_executor.executor.parallel:loop closed
[1.764s] DEBUG:colcon.colcon_parallel_executor.executor.parallel:run_until_complete finished with '0'
[1.764s] DEBUG:colcon.colcon_core.event_reactor:joining thread
[1.775s] INFO:colcon.colcon_core.plugin_system:Skipping extension 'colcon_notification.desktop_notification.terminal_notifier': Not used on non-Darwin systems
[1.775s] INFO:colcon.colcon_core.plugin_system:Skipping extension 'colcon_notification.desktop_notification.win32': Not used on non-Windows systems
[1.775s] INFO:colcon.colcon_notification.desktop_notification:Sending desktop notification using 'notify2'
[1.798s] DEBUG:colcon.colcon_core.event_reactor:joined thread
[1.799s] INFO:colcon.colcon_core.shell:Creating prefix script '/home/blud/ares-main/install/local_setup.ps1'
[1.802s] INFO:colcon.colcon_core.shell:Creating prefix util module '/home/blud/ares-main/install/_local_setup_util_ps1.py'
[1.805s] INFO:colcon.colcon_core.shell:Creating prefix chain script '/home/blud/ares-main/install/setup.ps1'
[1.807s] INFO:colcon.colcon_core.shell:Creating prefix script '/home/blud/ares-main/install/local_setup.sh'
[1.809s] INFO:colcon.colcon_core.shell:Creating prefix util module '/home/blud/ares-main/install/_local_setup_util_sh.py'
[1.810s] INFO:colcon.colcon_core.shell:Creating prefix chain script '/home/blud/ares-main/install/setup.sh'
[1.812s] INFO:colcon.colcon_core.shell:Creating prefix script '/home/blud/ares-main/install/local_setup.bash'
[1.813s] INFO:colcon.colcon_core.shell:Creating prefix chain script '/home/blud/ares-main/install/setup.bash'
[1.816s] INFO:colcon.colcon_core.shell:Creating prefix script '/home/blud/ares-main/install/local_setup.zsh'
[1.817s] INFO:colcon.colcon_core.shell:Creating prefix chain script '/home/blud/ares-main/install/setup.zsh'
