-- The C compiler identification is GNU 11.4.0
-- The CXX compiler identification is GNU 11.4.0
-- Detecting C compiler ABI info
-- Detecting C compiler ABI info - done
-- Check for working C compiler: /usr/bin/cc - skipped
-- Detecting C compile features
-- Detecting C compile features - done
-- Detecting CXX compiler ABI info
-- Detecting CXX compiler ABI info - done
-- Check for working CXX compiler: /usr/bin/c++ - skipped
-- Detecting CXX compile features
-- Detecting CXX compile features - done
-- Found ament_cmake: 1.3.12 (/opt/ros/humble/share/ament_cmake/cmake)
-- Found Python3: /usr/bin/python3 (found version "3.10.12") found components: Interpreter 
-- Found ament_lint_auto: 0.12.14 (/opt/ros/humble/share/ament_lint_auto/cmake)
-- Added test 'cppcheck' to perform static code analysis on C / C++ code
-- Configured cppcheck include dirs: $<BUILD_INTERFACE:/home/blud/ares-main/package/include>
-- Configured cppcheck exclude dirs and/or files: 
-- Added test 'lint_cmake' to check CMake code style
-- Added test 'uncrustify' to check C / C++ code style
-- Configured uncrustify additional arguments: 
-- Added test 'xmllint' to check XML markup files
-- Configuring done
-- Generating done
-- Build files have been written to: /home/blud/ares-main/build/package
[ 50%] [32mBuilding CXX object CMakeFiles/my_node.dir/src/my_node.cpp.o[0m
[100%] [32m[1mLinking CXX executable my_node[0m
[100%] Built target my_node
-- Install configuration: ""
-- Installing: /home/blud/ares-main/install/package/lib/package/my_node
-- Installing: /home/blud/ares-main/install/package/share/ament_index/resource_index/package_run_dependencies/package
-- Installing: /home/blud/ares-main/install/package/share/ament_index/resource_index/parent_prefix_path/package
-- Installing: /home/blud/ares-main/install/package/share/package/environment/ament_prefix_path.sh
-- Installing: /home/blud/ares-main/install/package/share/package/environment/ament_prefix_path.dsv
-- Installing: /home/blud/ares-main/install/package/share/package/environment/path.sh
-- Installing: /home/blud/ares-main/install/package/share/package/environment/path.dsv
-- Installing: /home/blud/ares-main/install/package/share/package/local_setup.bash
-- Installing: /home/blud/ares-main/install/package/share/package/local_setup.sh
-- Installing: /home/blud/ares-main/install/package/share/package/local_setup.zsh
-- Installing: /home/blud/ares-main/install/package/share/package/local_setup.dsv
-- Installing: /home/blud/ares-main/install/package/share/package/package.dsv
-- Installing: /home/blud/ares-main/install/package/share/ament_index/resource_index/packages/package
-- Installing: /home/blud/ares-main/install/package/share/package/cmake/packageConfig.cmake
-- Installing: /home/blud/ares-main/install/package/share/package/cmake/packageConfig-version.cmake
-- Installing: /home/blud/ares-main/install/package/share/package/package.xml
