/home/jcool/stm32cubeh7-v1-13-0/STM32Cube_FW_H7_V1.13.0/Projects/NUCLEO-H723ZG/Applications/LwIP/LwIP_TCP_Echo_Server/Src/main.c:54:5:main	1
/home/jcool/stm32cubeh7-v1-13-0/STM32Cube_FW_H7_V1.13.0/Projects/NUCLEO-H723ZG/Applications/LwIP/LwIP_TCP_Echo_Server/Src/main.c:104:13:BSP_Config	1
/home/jcool/stm32cubeh7-v1-13-0/STM32Cube_FW_H7_V1.13.0/Projects/NUCLEO-H723ZG/Applications/LwIP/LwIP_TCP_Echo_Server/Src/main.c:116:13:Netif_Config	1
/home/jcool/stm32cubeh7-v1-13-0/STM32Cube_FW_H7_V1.13.0/Projects/NUCLEO-H723ZG/Applications/LwIP/LwIP_TCP_Echo_Server/Src/main.c:170:13:SystemClock_Config	4
/home/jcool/stm32cubeh7-v1-13-0/STM32Cube_FW_H7_V1.13.0/Projects/NUCLEO-H723ZG/Applications/LwIP/LwIP_TCP_Echo_Server/Src/main.c:248:13:MPU_Config	1
/home/jcool/stm32cubeh7-v1-13-0/STM32Cube_FW_H7_V1.13.0/Projects/NUCLEO-H723ZG/Applications/LwIP/LwIP_TCP_Echo_Server/Src/main.c:311:13:CPU_CACHE_Enable	5
/home/jcool/stm32cubeh7-v1-13-0/STM32Cube_FW_H7_V1.13.0/Projects/NUCLEO-H723ZG/Applications/LwIP/LwIP_TCP_Echo_Server/Src/main.c:325:6:Error_Handler	1
