[0.027s] Invoking command in '/home/blud/ares-main/build/my_package': CMAKE_PREFIX_PATH=${CMAKE_PREFIX_PATH}:/opt/ros/humble /usr/bin/cmake --build /home/blud/ares-main/build/my_package -- -j16 -l16
[0.129s] [35m[1mConsolidate compiler generated dependencies of target my_node[0m
[0.160s] [100%] Built target my_node
[0.191s] Invoked command in '/home/blud/ares-main/build/my_package' returned '0': CMAKE_PREFIX_PATH=${CMAKE_PREFIX_PATH}:/opt/ros/humble /usr/bin/cmake --build /home/blud/ares-main/build/my_package -- -j16 -l16
[0.219s] Invoking command in '/home/blud/ares-main/build/my_package': CMAKE_PREFIX_PATH=${CMAKE_PREFIX_PATH}:/opt/ros/humble /usr/bin/cmake --install /home/blud/ares-main/build/my_package
[0.238s] -- Install configuration: ""
[0.239s] -- Up-to-date: /home/blud/ares-main/install/my_package/lib/my_package/my_node
[0.239s] -- Up-to-date: /home/blud/ares-main/install/my_package/share/ament_index/resource_index/package_run_dependencies/my_package
[0.239s] -- Up-to-date: /home/blud/ares-main/install/my_package/share/ament_index/resource_index/parent_prefix_path/my_package
[0.239s] -- Up-to-date: /home/blud/ares-main/install/my_package/share/my_package/environment/ament_prefix_path.sh
[0.240s] -- Up-to-date: /home/blud/ares-main/install/my_package/share/my_package/environment/ament_prefix_path.dsv
[0.240s] -- Up-to-date: /home/blud/ares-main/install/my_package/share/my_package/environment/path.sh
[0.240s] -- Up-to-date: /home/blud/ares-main/install/my_package/share/my_package/environment/path.dsv
[0.240s] -- Up-to-date: /home/blud/ares-main/install/my_package/share/my_package/local_setup.bash
[0.241s] -- Up-to-date: /home/blud/ares-main/install/my_package/share/my_package/local_setup.sh
[0.241s] -- Up-to-date: /home/blud/ares-main/install/my_package/share/my_package/local_setup.zsh
[0.241s] -- Up-to-date: /home/blud/ares-main/install/my_package/share/my_package/local_setup.dsv
[0.241s] -- Installing: /home/blud/ares-main/install/my_package/share/my_package/package.dsv
[0.241s] -- Up-to-date: /home/blud/ares-main/install/my_package/share/ament_index/resource_index/packages/my_package
[0.241s] -- Up-to-date: /home/blud/ares-main/install/my_package/share/my_package/cmake/my_packageConfig.cmake
[0.241s] -- Up-to-date: /home/blud/ares-main/install/my_package/share/my_package/cmake/my_packageConfig-version.cmake
[0.242s] -- Up-to-date: /home/blud/ares-main/install/my_package/share/my_package/package.xml
[0.246s] Invoked command in '/home/blud/ares-main/build/my_package' returned '0': CMAKE_PREFIX_PATH=${CMAKE_PREFIX_PATH}:/opt/ros/humble /usr/bin/cmake --install /home/blud/ares-main/build/my_package
