[0.031s] Invoking command in '/home/blud/ares-main/build/ares-main': CMAKE_PREFIX_PATH=/opt/ros/humble /usr/bin/cmake /home/blud/ares-main/ares-main -DCMAKE_INSTALL_PREFIX=/home/blud/ares-main/install/ares-main
[0.296s] -- The C compiler identification is GNU 11.4.0
[0.470s] -- The CXX compiler identification is GNU 11.4.0
[0.497s] -- Detecting C compiler ABI info
[0.686s] -- Detecting C compiler ABI info - done
[0.702s] -- Check for working C compiler: /usr/bin/cc - skipped
[0.704s] -- Detecting C compile features
[0.706s] -- Detecting C compile features - done
[0.715s] -- Detecting CXX compiler ABI info
[0.921s] -- Detecting CXX compiler ABI info - done
[0.938s] -- Check for working CXX compiler: /usr/bin/c++ - skipped
[0.939s] -- Detecting CXX compile features
[0.940s] -- Detecting CXX compile features - done
[0.957s] -- Found ament_cmake: 1.3.12 (/opt/ros/humble/share/ament_cmake/cmake)
[1.269s] -- Found Python3: /usr/bin/python3 (found version "3.10.12") found components: Interpreter 
[1.502s] -- Found ament_lint_auto: 0.12.14 (/opt/ros/humble/share/ament_lint_auto/cmake)
[1.690s] -- Added test 'lint_cmake' to check CMake code style
[1.695s] -- Added test 'xmllint' to check XML markup files
[1.699s] -- Configuring done
[1.708s] -- Generating done
[1.712s] -- Build files have been written to: /home/blud/ares-main/build/ares-main
[1.721s] Invoked command in '/home/blud/ares-main/build/ares-main' returned '0': CMAKE_PREFIX_PATH=/opt/ros/humble /usr/bin/cmake /home/blud/ares-main/ares-main -DCMAKE_INSTALL_PREFIX=/home/blud/ares-main/install/ares-main
[1.725s] Invoking command in '/home/blud/ares-main/build/ares-main': CMAKE_PREFIX_PATH=/opt/ros/humble /usr/bin/cmake --build /home/blud/ares-main/build/ares-main -- -j16 -l16
[1.821s] Invoked command in '/home/blud/ares-main/build/ares-main' returned '0': CMAKE_PREFIX_PATH=/opt/ros/humble /usr/bin/cmake --build /home/blud/ares-main/build/ares-main -- -j16 -l16
[1.848s] Invoking command in '/home/blud/ares-main/build/ares-main': CMAKE_PREFIX_PATH=/opt/ros/humble /usr/bin/cmake --install /home/blud/ares-main/build/ares-main
[1.867s] -- Install configuration: ""
[1.868s] -- Installing: /home/blud/ares-main/install/ares-main/share/ament_index/resource_index/package_run_dependencies/ares-main
[1.868s] -- Installing: /home/blud/ares-main/install/ares-main/share/ament_index/resource_index/parent_prefix_path/ares-main
[1.869s] -- Installing: /home/blud/ares-main/install/ares-main/share/ares-main/environment/ament_prefix_path.sh
[1.870s] -- Installing: /home/blud/ares-main/install/ares-main/share/ares-main/environment/ament_prefix_path.dsv
[1.870s] -- Installing: /home/blud/ares-main/install/ares-main/share/ares-main/environment/path.sh
[1.871s] -- Installing: /home/blud/ares-main/install/ares-main/share/ares-main/environment/path.dsv
[1.871s] -- Installing: /home/blud/ares-main/install/ares-main/share/ares-main/local_setup.bash
[1.871s] -- Installing: /home/blud/ares-main/install/ares-main/share/ares-main/local_setup.sh
[1.872s] -- Installing: /home/blud/ares-main/install/ares-main/share/ares-main/local_setup.zsh
[1.872s] -- Installing: /home/blud/ares-main/install/ares-main/share/ares-main/local_setup.dsv
[1.873s] -- Installing: /home/blud/ares-main/install/ares-main/share/ares-main/package.dsv
[1.873s] -- Installing: /home/blud/ares-main/install/ares-main/share/ament_index/resource_index/packages/ares-main
[1.874s] -- Installing: /home/blud/ares-main/install/ares-main/share/ares-main/cmake/ares-mainConfig.cmake
[1.874s] -- Installing: /home/blud/ares-main/install/ares-main/share/ares-main/cmake/ares-mainConfig-version.cmake
[1.875s] -- Installing: /home/blud/ares-main/install/ares-main/share/ares-main/package.xml
[1.880s] Invoked command in '/home/blud/ares-main/build/ares-main' returned '0': CMAKE_PREFIX_PATH=/opt/ros/humble /usr/bin/cmake --install /home/blud/ares-main/build/ares-main
