[0.027s] Invoking command in '/home/blud/ares-main/build/my_package': CMAKE_PREFIX_PATH=${CMAKE_PREFIX_PATH}:/opt/ros/humble /usr/bin/cmake --build /home/blud/ares-main/build/my_package -- -j16 -l16
[0.157s] [100%] Built target my_node
[0.188s] Invoked command in '/home/blud/ares-main/build/my_package' returned '0': CMAKE_PREFIX_PATH=${CMAKE_PREFIX_PATH}:/opt/ros/humble /usr/bin/cmake --build /home/blud/ares-main/build/my_package -- -j16 -l16
[0.215s] Invoking command in '/home/blud/ares-main/build/my_package': CMAKE_PREFIX_PATH=${CMAKE_PREFIX_PATH}:/opt/ros/humble /usr/bin/cmake --install /home/blud/ares-main/build/my_package
[0.234s] -- Install configuration: ""
[0.234s] -- Up-to-date: /home/blud/ares-main/install/my_package/lib/my_package/my_node
[0.234s] -- Up-to-date: /home/blud/ares-main/install/my_package/share/ament_index/resource_index/package_run_dependencies/my_package
[0.235s] -- Up-to-date: /home/blud/ares-main/install/my_package/share/ament_index/resource_index/parent_prefix_path/my_package
[0.235s] -- Up-to-date: /home/blud/ares-main/install/my_package/share/my_package/environment/ament_prefix_path.sh
[0.235s] -- Up-to-date: /home/blud/ares-main/install/my_package/share/my_package/environment/ament_prefix_path.dsv
[0.235s] -- Up-to-date: /home/blud/ares-main/install/my_package/share/my_package/environment/path.sh
[0.236s] -- Up-to-date: /home/blud/ares-main/install/my_package/share/my_package/environment/path.dsv
[0.236s] -- Up-to-date: /home/blud/ares-main/install/my_package/share/my_package/local_setup.bash
[0.236s] -- Up-to-date: /home/blud/ares-main/install/my_package/share/my_package/local_setup.sh
[0.236s] -- Up-to-date: /home/blud/ares-main/install/my_package/share/my_package/local_setup.zsh
[0.237s] -- Up-to-date: /home/blud/ares-main/install/my_package/share/my_package/local_setup.dsv
[0.237s] -- Installing: /home/blud/ares-main/install/my_package/share/my_package/package.dsv
[0.237s] -- Up-to-date: /home/blud/ares-main/install/my_package/share/ament_index/resource_index/packages/my_package
[0.237s] -- Up-to-date: /home/blud/ares-main/install/my_package/share/my_package/cmake/my_packageConfig.cmake
[0.237s] -- Up-to-date: /home/blud/ares-main/install/my_package/share/my_package/cmake/my_packageConfig-version.cmake
[0.237s] -- Up-to-date: /home/blud/ares-main/install/my_package/share/my_package/package.xml
[0.241s] Invoked command in '/home/blud/ares-main/build/my_package' returned '0': CMAKE_PREFIX_PATH=${CMAKE_PREFIX_PATH}:/opt/ros/humble /usr/bin/cmake --install /home/blud/ares-main/build/my_package
