[0.024s] Invoking command in '/home/blud/ares-main/build/ares-main': CMAKE_PREFIX_PATH=${CMAKE_PREFIX_PATH}:/opt/ros/humble /usr/bin/cmake --build /home/blud/ares-main/build/ares-main -- -j16 -l16
[0.126s] Invoked command in '/home/blud/ares-main/build/ares-main' returned '0': CMAKE_PREFIX_PATH=${CMAKE_PREFIX_PATH}:/opt/ros/humble /usr/bin/cmake --build /home/blud/ares-main/build/ares-main -- -j16 -l16
[0.154s] Invoking command in '/home/blud/ares-main/build/ares-main': CMAKE_PREFIX_PATH=${CMAKE_PREFIX_PATH}:/opt/ros/humble /usr/bin/cmake --install /home/blud/ares-main/build/ares-main
[0.174s] -- Install configuration: ""
[0.175s] -- Up-to-date: /home/blud/ares-main/install/ares-main/share/ament_index/resource_index/package_run_dependencies/ares-main
[0.175s] -- Up-to-date: /home/blud/ares-main/install/ares-main/share/ament_index/resource_index/parent_prefix_path/ares-main
[0.175s] -- Up-to-date: /home/blud/ares-main/install/ares-main/share/ares-main/environment/ament_prefix_path.sh
[0.175s] -- Up-to-date: /home/blud/ares-main/install/ares-main/share/ares-main/environment/ament_prefix_path.dsv
[0.175s] -- Up-to-date: /home/blud/ares-main/install/ares-main/share/ares-main/environment/path.sh
[0.176s] -- Up-to-date: /home/blud/ares-main/install/ares-main/share/ares-main/environment/path.dsv
[0.176s] -- Up-to-date: /home/blud/ares-main/install/ares-main/share/ares-main/local_setup.bash
[0.176s] -- Up-to-date: /home/blud/ares-main/install/ares-main/share/ares-main/local_setup.sh
[0.176s] -- Up-to-date: /home/blud/ares-main/install/ares-main/share/ares-main/local_setup.zsh
[0.176s] -- Up-to-date: /home/blud/ares-main/install/ares-main/share/ares-main/local_setup.dsv
[0.177s] -- Installing: /home/blud/ares-main/install/ares-main/share/ares-main/package.dsv
[0.177s] -- Up-to-date: /home/blud/ares-main/install/ares-main/share/ament_index/resource_index/packages/ares-main
[0.177s] -- Up-to-date: /home/blud/ares-main/install/ares-main/share/ares-main/cmake/ares-mainConfig.cmake
[0.177s] -- Up-to-date: /home/blud/ares-main/install/ares-main/share/ares-main/cmake/ares-mainConfig-version.cmake
[0.177s] -- Up-to-date: /home/blud/ares-main/install/ares-main/share/ares-main/package.xml
[0.181s] Invoked command in '/home/blud/ares-main/build/ares-main' returned '0': CMAKE_PREFIX_PATH=${CMAKE_PREFIX_PATH}:/opt/ros/humble /usr/bin/cmake --install /home/blud/ares-main/build/ares-main
