-- Found ament_cmake: 1.3.12 (/opt/ros/humble/share/ament_cmake/cmake)
-- Found ament_lint_auto: 0.12.14 (/opt/ros/humble/share/ament_lint_auto/cmake)
-- Added test 'cppcheck' to perform static code analysis on C / C++ code
-- Configured cppcheck include dirs: $<BUILD_INTERFACE:/home/blud/ares-main/ares-main/include>
-- Configured cppcheck exclude dirs and/or files: 
-- Added test 'lint_cmake' to check CMake code style
-- Added test 'uncrustify' to check C / C++ code style
-- Configured uncrustify additional arguments: 
-- Added test 'xmllint' to check XML markup files
-- Configuring done
-- Generating done
-- Build files have been written to: /home/blud/ares-main/build/ares-main
[ 50%] [32mBuilding CXX object CMakeFiles/main_node.dir/src/main_node.cpp.o[0m
[100%] [32m[1mLinking CXX executable main_node[0m
[100%] Built target main_node
-- Install configuration: ""
-- Installing: /home/blud/ares-main/install/ares-main/lib/ares-main/main_node
-- Up-to-date: /home/blud/ares-main/install/ares-main/share/ament_index/resource_index/package_run_dependencies/ares-main
-- Installing: /home/blud/ares-main/install/ares-main/share/ament_index/resource_index/parent_prefix_path/ares-main
-- Up-to-date: /home/blud/ares-main/install/ares-main/share/ares-main/environment/ament_prefix_path.sh
-- Installing: /home/blud/ares-main/install/ares-main/share/ares-main/environment/ament_prefix_path.dsv
-- Up-to-date: /home/blud/ares-main/install/ares-main/share/ares-main/environment/path.sh
-- Installing: /home/blud/ares-main/install/ares-main/share/ares-main/environment/path.dsv
-- Up-to-date: /home/blud/ares-main/install/ares-main/share/ares-main/local_setup.bash
-- Up-to-date: /home/blud/ares-main/install/ares-main/share/ares-main/local_setup.sh
-- Up-to-date: /home/blud/ares-main/install/ares-main/share/ares-main/local_setup.zsh
-- Installing: /home/blud/ares-main/install/ares-main/share/ares-main/local_setup.dsv
-- Installing: /home/blud/ares-main/install/ares-main/share/ares-main/package.dsv
-- Up-to-date: /home/blud/ares-main/install/ares-main/share/ament_index/resource_index/packages/ares-main
-- Up-to-date: /home/blud/ares-main/install/ares-main/share/ares-main/cmake/ares-mainConfig.cmake
-- Up-to-date: /home/blud/ares-main/install/ares-main/share/ares-main/cmake/ares-mainConfig-version.cmake
-- Up-to-date: /home/blud/ares-main/install/ares-main/share/ares-main/package.xml
