[0.034s] Invoking command in '/home/blud/ares-main/build/ares-main': CMAKE_PREFIX_PATH=${CMAKE_PREFIX_PATH}:/opt/ros/humble /usr/bin/cmake --build /home/blud/ares-main/build/ares-main -- -j16 -l16
[0.073s] -- Found ament_cmake: 1.3.12 (/opt/ros/humble/share/ament_cmake/cmake)
[0.345s] -- Found ament_lint_auto: 0.12.14 (/opt/ros/humble/share/ament_lint_auto/cmake)
[0.492s] -- Added test 'cppcheck' to perform static code analysis on C / C++ code
[0.492s] -- Configured cppcheck include dirs: $<BUILD_INTERFACE:/home/blud/ares-main/ares-main/include>
[0.492s] -- Configured cppcheck exclude dirs and/or files: 
[0.494s] -- Added test 'lint_cmake' to check CMake code style
[0.496s] -- Added test 'uncrustify' to check C / C++ code style
[0.496s] -- Configured uncrustify additional arguments: 
[0.497s] -- Added test 'xmllint' to check XML markup files
[0.499s] -- Configuring done
[0.509s] -- Generating done
[0.515s] -- Build files have been written to: /home/blud/ares-main/build/ares-main
[0.591s] [ 50%] [32mBuilding CXX object CMakeFiles/main_node.dir/src/main_node.cpp.o[0m
[0.659s] [100%] [32m[1mLinking CXX executable main_node[0m
[0.768s] [100%] Built target main_node
[0.798s] Invoked command in '/home/blud/ares-main/build/ares-main' returned '0': CMAKE_PREFIX_PATH=${CMAKE_PREFIX_PATH}:/opt/ros/humble /usr/bin/cmake --build /home/blud/ares-main/build/ares-main -- -j16 -l16
[0.801s] Invoking command in '/home/blud/ares-main/build/ares-main': CMAKE_PREFIX_PATH=${CMAKE_PREFIX_PATH}:/opt/ros/humble /usr/bin/cmake --install /home/blud/ares-main/build/ares-main
[0.819s] -- Install configuration: ""
[0.819s] -- Installing: /home/blud/ares-main/install/ares-main/lib/ares-main/main_node
[0.820s] -- Up-to-date: /home/blud/ares-main/install/ares-main/share/ament_index/resource_index/package_run_dependencies/ares-main
[0.821s] -- Installing: /home/blud/ares-main/install/ares-main/share/ament_index/resource_index/parent_prefix_path/ares-main
[0.821s] -- Up-to-date: /home/blud/ares-main/install/ares-main/share/ares-main/environment/ament_prefix_path.sh
[0.821s] -- Installing: /home/blud/ares-main/install/ares-main/share/ares-main/environment/ament_prefix_path.dsv
[0.822s] -- Up-to-date: /home/blud/ares-main/install/ares-main/share/ares-main/environment/path.sh
[0.822s] -- Installing: /home/blud/ares-main/install/ares-main/share/ares-main/environment/path.dsv
[0.823s] -- Up-to-date: /home/blud/ares-main/install/ares-main/share/ares-main/local_setup.bash
[0.823s] -- Up-to-date: /home/blud/ares-main/install/ares-main/share/ares-main/local_setup.sh
[0.823s] -- Up-to-date: /home/blud/ares-main/install/ares-main/share/ares-main/local_setup.zsh
[0.824s] -- Installing: /home/blud/ares-main/install/ares-main/share/ares-main/local_setup.dsv
[0.824s] -- Installing: /home/blud/ares-main/install/ares-main/share/ares-main/package.dsv
[0.824s] -- Up-to-date: /home/blud/ares-main/install/ares-main/share/ament_index/resource_index/packages/ares-main
[0.824s] -- Up-to-date: /home/blud/ares-main/install/ares-main/share/ares-main/cmake/ares-mainConfig.cmake
[0.825s] -- Up-to-date: /home/blud/ares-main/install/ares-main/share/ares-main/cmake/ares-mainConfig-version.cmake
[0.825s] -- Up-to-date: /home/blud/ares-main/install/ares-main/share/ares-main/package.xml
[0.829s] Invoked command in '/home/blud/ares-main/build/ares-main' returned '0': CMAKE_PREFIX_PATH=${CMAKE_PREFIX_PATH}:/opt/ros/humble /usr/bin/cmake --install /home/blud/ares-main/build/ares-main
