[0.026s] Invoking command in '/home/blud/ares-main/build/my_package': CMAKE_PREFIX_PATH=${CMAKE_PREFIX_PATH}:/opt/ros/humble /usr/bin/cmake --build /home/blud/ares-main/build/my_package -- -j16 -l16
[0.157s] [ 50%] [32mBuilding CXX object CMakeFiles/my_node.dir/src/my_node.cpp.o[0m
[0.229s] [100%] [32m[1mLinking CXX executable my_node[0m
[0.347s] [100%] Built target my_node
[0.377s] Invoked command in '/home/blud/ares-main/build/my_package' returned '0': CMAKE_PREFIX_PATH=${CMAKE_PREFIX_PATH}:/opt/ros/humble /usr/bin/cmake --build /home/blud/ares-main/build/my_package -- -j16 -l16
[0.404s] Invoking command in '/home/blud/ares-main/build/my_package': CMAKE_PREFIX_PATH=${CMAKE_PREFIX_PATH}:/opt/ros/humble /usr/bin/cmake --install /home/blud/ares-main/build/my_package
[0.423s] -- Install configuration: ""
[0.424s] -- Installing: /home/blud/ares-main/install/my_package/lib/my_package/my_node
[0.425s] -- Installing: /home/blud/ares-main/install/my_package/share/ament_index/resource_index/package_run_dependencies/my_package
[0.425s] -- Installing: /home/blud/ares-main/install/my_package/share/ament_index/resource_index/parent_prefix_path/my_package
[0.426s] -- Installing: /home/blud/ares-main/install/my_package/share/my_package/environment/ament_prefix_path.sh
[0.426s] -- Installing: /home/blud/ares-main/install/my_package/share/my_package/environment/ament_prefix_path.dsv
[0.427s] -- Installing: /home/blud/ares-main/install/my_package/share/my_package/environment/path.sh
[0.427s] -- Installing: /home/blud/ares-main/install/my_package/share/my_package/environment/path.dsv
[0.428s] -- Installing: /home/blud/ares-main/install/my_package/share/my_package/local_setup.bash
[0.428s] -- Installing: /home/blud/ares-main/install/my_package/share/my_package/local_setup.sh
[0.429s] -- Installing: /home/blud/ares-main/install/my_package/share/my_package/local_setup.zsh
[0.429s] -- Installing: /home/blud/ares-main/install/my_package/share/my_package/local_setup.dsv
[0.430s] -- Installing: /home/blud/ares-main/install/my_package/share/my_package/package.dsv
[0.430s] -- Installing: /home/blud/ares-main/install/my_package/share/ament_index/resource_index/packages/my_package
[0.431s] -- Installing: /home/blud/ares-main/install/my_package/share/my_package/cmake/my_packageConfig.cmake
[0.431s] -- Installing: /home/blud/ares-main/install/my_package/share/my_package/cmake/my_packageConfig-version.cmake
[0.432s] -- Installing: /home/blud/ares-main/install/my_package/share/my_package/package.xml
[0.436s] Invoked command in '/home/blud/ares-main/build/my_package' returned '0': CMAKE_PREFIX_PATH=${CMAKE_PREFIX_PATH}:/opt/ros/humble /usr/bin/cmake --install /home/blud/ares-main/build/my_package
