[0.035s] Invoking command in '/home/blud/ares-main/build/ares-main': CMAKE_PREFIX_PATH=${CMAKE_PREFIX_PATH}:/opt/ros/humble /usr/bin/cmake --build /home/blud/ares-main/build/ares-main -- -j16 -l16
[0.092s] -- Found ament_cmake: 1.3.12 (/opt/ros/humble/share/ament_cmake/cmake)
[0.368s] [31mCMake Error at CMakeLists.txt:18 (target_compile_features):
[0.369s]   Cannot specify compile features for target "my_node" which is not built by
[0.369s]   this project.
[0.369s] 
[0.369s] [0m
[0.369s] [31mCMake Error at CMakeLists.txt:20 (install):
[0.369s]   install TARGETS given target "my_node" which does not exist.
[0.369s] 
[0.369s] [0m
[0.370s] -- Found ament_lint_auto: 0.12.14 (/opt/ros/humble/share/ament_lint_auto/cmake)
[0.522s] -- Added test 'cppcheck' to perform static code analysis on C / C++ code
[0.522s] -- Configured cppcheck include dirs: $<BUILD_INTERFACE:/home/blud/ares-main/ares-main/include>
[0.523s] -- Configured cppcheck exclude dirs and/or files: 
[0.524s] -- Added test 'lint_cmake' to check CMake code style
[0.526s] -- Added test 'uncrustify' to check C / C++ code style
[0.526s] -- Configured uncrustify additional arguments: 
[0.526s] -- Added test 'xmllint' to check XML markup files
[0.528s] -- Configuring incomplete, errors occurred!
[0.528s] See also "/home/blud/ares-main/build/ares-main/CMakeFiles/CMakeOutput.log".
[0.535s] gmake: *** [Makefile:226: cmake_check_build_system] Error 1
[0.541s] Invoked command in '/home/blud/ares-main/build/ares-main' returned '2': CMAKE_PREFIX_PATH=${CMAKE_PREFIX_PATH}:/opt/ros/humble /usr/bin/cmake --build /home/blud/ares-main/build/ares-main -- -j16 -l16
