[0.026s] Invoking command in '/home/blud/ares-main/build/my_package': CMAKE_PREFIX_PATH=${CMAKE_PREFIX_PATH}:/opt/ros/humble /usr/bin/cmake --build /home/blud/ares-main/build/my_package -- -j16 -l16
[0.150s] [100%] Built target my_node
[0.181s] Invoked command in '/home/blud/ares-main/build/my_package' returned '0': CMAKE_PREFIX_PATH=${CMAKE_PREFIX_PATH}:/opt/ros/humble /usr/bin/cmake --build /home/blud/ares-main/build/my_package -- -j16 -l16
[0.208s] Invoking command in '/home/blud/ares-main/build/my_package': CMAKE_PREFIX_PATH=${CMAKE_PREFIX_PATH}:/opt/ros/humble /usr/bin/cmake --install /home/blud/ares-main/build/my_package
[0.228s] -- Install configuration: ""
[0.228s] -- Up-to-date: /home/blud/ares-main/install/my_package/lib/my_package/my_node
[0.229s] -- Up-to-date: /home/blud/ares-main/install/my_package/share/ament_index/resource_index/package_run_dependencies/my_package
[0.229s] -- Up-to-date: /home/blud/ares-main/install/my_package/share/ament_index/resource_index/parent_prefix_path/my_package
[0.229s] -- Up-to-date: /home/blud/ares-main/install/my_package/share/my_package/environment/ament_prefix_path.sh
[0.230s] -- Up-to-date: /home/blud/ares-main/install/my_package/share/my_package/environment/ament_prefix_path.dsv
[0.230s] -- Up-to-date: /home/blud/ares-main/install/my_package/share/my_package/environment/path.sh
[0.230s] -- Up-to-date: /home/blud/ares-main/install/my_package/share/my_package/environment/path.dsv
[0.231s] -- Up-to-date: /home/blud/ares-main/install/my_package/share/my_package/local_setup.bash
[0.231s] -- Up-to-date: /home/blud/ares-main/install/my_package/share/my_package/local_setup.sh
[0.231s] -- Up-to-date: /home/blud/ares-main/install/my_package/share/my_package/local_setup.zsh
[0.231s] -- Up-to-date: /home/blud/ares-main/install/my_package/share/my_package/local_setup.dsv
[0.231s] -- Installing: /home/blud/ares-main/install/my_package/share/my_package/package.dsv
[0.231s] -- Up-to-date: /home/blud/ares-main/install/my_package/share/ament_index/resource_index/packages/my_package
[0.231s] -- Up-to-date: /home/blud/ares-main/install/my_package/share/my_package/cmake/my_packageConfig.cmake
[0.231s] -- Up-to-date: /home/blud/ares-main/install/my_package/share/my_package/cmake/my_packageConfig-version.cmake
[0.231s] -- Up-to-date: /home/blud/ares-main/install/my_package/share/my_package/package.xml
[0.235s] Invoked command in '/home/blud/ares-main/build/my_package' returned '0': CMAKE_PREFIX_PATH=${CMAKE_PREFIX_PATH}:/opt/ros/humble /usr/bin/cmake --install /home/blud/ares-main/build/my_package
